python : Creating 
test database for 
alias 'default'...
At line:1 char:1
+ python manage.py 
test dashboard.test
s_game.Gamification
Tests.test_get ...
+ ~~~~~~~~~~~~~~~~~
~~~~~~~~~~~~~~~~~~~
~~~~~~~~~~~~~~~~~~~
~~~~~~~~~~~~~~
    + CategoryInfo 
             : No  
  tSpecified: (C   
 reating test d    
...as 'default    
'...:String) [    
], RemoteExcep    
tion
    + FullyQualifi 
   edErrorId : Na  
  tiveCommandErr   
 or
 

.
-------------------
-------------------
-------------------
-------------
Ran 1 test in 
2.560s

OK
Destroying test 
database for alias 
'default'...

Found 1 test(s).
System check identified no issues (0 silenced).
